======================================================================
热力购入量计算器 - 测试报告
======================================================================
生成时间: 2026/7/26 20:19:59
测试耗时: 0.04 秒

📊 测试统计:
- 总用例数: 30
- 通过: 30
- 失败: 0
- 通过率: 100.0%

📋 分类统计:
- 热水: 5/5 通过
- 饱和蒸汽: 7/7 通过
- 过热蒸汽: 18/18 通过

📝 详细结果:
----------------------------------------------------------------------
✅ [HW-001] 热水 - 温度0°C（边界值，低于基准温度）
   输入: 介质=hot_water, 重量=1吨, 温度=0°C
   预期: 成功, GJ范围=[-0.1, 0]
   实际: 计算成功，GJ=-0.08，在预期范围内
   计算值: -0.0839 GJ

✅ [HW-002] 热水 - 温度100°C（中间值）
   输入: 介质=hot_water, 重量=1吨, 温度=100°C
   预期: 成功, GJ范围=[0.3, 0.5]
   实际: 计算成功，GJ=0.34，在预期范围内
   计算值: 0.3352 GJ

✅ [HW-003] 热水 - 温度374°C（临界温度）
   输入: 介质=hot_water, 重量=1吨, 温度=374°C
   预期: 成功, GJ范围=[1.8, 2.2]
   实际: 计算成功，GJ=2.00，在预期范围内
   计算值: 2.0037 GJ

✅ [HW-004] 热水 - 温度-1°C（越界值）
   输入: 介质=hot_water, 重量=1吨, 温度=-1°C
   预期: 失败
   实际: 预期失败，验证正确: 请输入有效的温度（0~374°C）

✅ [HW-005] 热水 - 温度400°C（越界值）
   输入: 介质=hot_water, 重量=1吨, 温度=400°C
   预期: 失败
   实际: 预期失败，验证正确: 请输入有效的温度（0~374°C）

✅ [SS-001] 饱和蒸汽 - 压力0.0006 MPa（最小边界）
   输入: 介质=saturated_steam, 重量=1吨, 压力=0.0006MPa
   预期: 成功, GJ范围=[2.3, 2.5]
   实际: 计算成功，GJ=2.42，在预期范围内
   计算值: 2.4170 GJ

✅ [SS-002] 饱和蒸汽 - 压力0.1 MPa（低压）
   输入: 介质=saturated_steam, 重量=1吨, 压力=0.1MPa
   预期: 成功, GJ范围=[2.4, 2.6]
   实际: 计算成功，GJ=2.59，在预期范围内
   计算值: 2.5910 GJ

✅ [SS-003] 饱和蒸汽 - 压力1 MPa（中间值）
   输入: 介质=saturated_steam, 重量=1吨, 压力=1MPa
   预期: 成功, GJ范围=[2.6, 2.8]
   实际: 计算成功，GJ=2.69，在预期范围内
   计算值: 2.6932 GJ

✅ [SS-004] 饱和蒸汽 - 压力10 MPa（高压）
   输入: 介质=saturated_steam, 重量=1吨, 压力=10MPa
   预期: 成功, GJ范围=[2.4, 2.8]
   实际: 计算成功，GJ=2.64，在预期范围内
   计算值: 2.6416 GJ

✅ [SS-005] 饱和蒸汽 - 压力22.064 MPa（临界点）
   输入: 介质=saturated_steam, 重量=1吨, 压力=22.064MPa
   预期: 成功, GJ范围=[1.8, 2.2]
   实际: 计算成功，GJ=2.00，在预期范围内
   计算值: 2.0037 GJ

✅ [SS-006] 饱和蒸汽 - 压力0.0005 MPa（越界值）
   输入: 介质=saturated_steam, 重量=1吨, 压力=0.0005MPa
   预期: 失败
   实际: 预期失败，验证正确: 请输入有效的压力（0.0006~22.064 MPa）

✅ [SS-007] 饱和蒸汽 - 压力23 MPa（越界值）
   输入: 介质=saturated_steam, 重量=1吨, 压力=23MPa
   预期: 失败
   实际: 预期失败，验证正确: 请输入有效的压力（0.0006~22.064 MPa）

✅ [SH-001] 过热蒸汽 - 1MPa, 200°C（低压低温）
   输入: 介质=superheated_steam, 重量=1吨, 温度=200°C, 压力=1MPa
   预期: 成功, GJ范围=[2.6, 2.9]
   实际: 计算成功，GJ=2.74，在预期范围内
   计算值: 2.7444 GJ

✅ [SH-002] 过热蒸汽 - 1MPa, 500°C（中温中压）
   输入: 介质=superheated_steam, 重量=1吨, 温度=500°C, 压力=1MPa
   预期: 成功, GJ范围=[3.2, 3.6]
   实际: 计算成功，GJ=3.40，在预期范围内
   计算值: 3.3951 GJ

✅ [SH-003] 过热蒸汽 - 1MPa, 800°C（高温）
   输入: 介质=superheated_steam, 重量=1吨, 温度=800°C, 压力=1MPa
   预期: 成功, GJ范围=[3.8, 4.3]
   实际: 计算成功，GJ=4.07，在预期范围内
   计算值: 4.0722 GJ

✅ [SH-004] 过热蒸汽 - 10MPa, 312°C（刚过饱和温度）
   输入: 介质=superheated_steam, 重量=1吨, 温度=312°C, 压力=10MPa
   预期: 成功, GJ范围=[2.4, 2.8]
   实际: 计算成功，GJ=2.65，在预期范围内
   计算值: 2.6479 GJ

✅ [SH-005] 过热蒸汽 - 10MPa, 400°C（用户反馈问题场景）
   输入: 介质=superheated_steam, 重量=1吨, 温度=400°C, 压力=10MPa
   预期: 成功, GJ范围=[2.8, 3.2]
   实际: 计算成功，GJ=3.01，在预期范围内
   计算值: 3.0135 GJ

✅ [SH-006] 过热蒸汽 - 10MPa, 500°C（中温高压）
   输入: 介质=superheated_steam, 重量=1吨, 温度=500°C, 压力=10MPa
   预期: 成功, GJ范围=[3, 3.6]
   实际: 计算成功，GJ=3.29，在预期范围内
   计算值: 3.2912 GJ

✅ [SH-007] 过热蒸汽 - 10MPa, 200°C（低于饱和温度）
   输入: 介质=superheated_steam, 重量=1吨, 温度=200°C, 压力=10MPa
   预期: 失败
   实际: 预期失败，验证正确: 温度 200.00°C 低于当前压力下的饱和温度 311.00°C

✅ [SH-008] 过热蒸汽 - 10MPa, 311°C（等于饱和温度，自动切换）
   输入: 介质=superheated_steam, 重量=1吨, 温度=311°C, 压力=10MPa
   预期: 成功, GJ范围=[2.4, 2.8]
   实际: 计算成功，GJ=2.64，在预期范围内
   计算值: 2.6416 GJ

✅ [SH-009] 过热蒸汽 - 0.1MPa, 150°C（低压过热）
   输入: 介质=superheated_steam, 重量=1吨, 温度=150°C, 压力=0.1MPa
   预期: 成功, GJ范围=[2.6, 2.9]
   实际: 计算成功，GJ=2.69，在预期范围内
   计算值: 2.6927 GJ

✅ [SH-010] 过热蒸汽 - 0.1MPa, 80°C（低于饱和温度）
   输入: 介质=superheated_steam, 重量=1吨, 温度=80°C, 压力=0.1MPa
   预期: 失败
   实际: 预期失败，验证正确: 温度 80.00°C 低于当前压力下的饱和温度 99.60°C

✅ [SH-011] 过热蒸汽 - 0.001MPa, 100°C（最低压力边界）
   输入: 介质=superheated_steam, 重量=1吨, 温度=100°C, 压力=0.001MPa
   预期: 成功, GJ范围=[2.4, 2.8]
   实际: 计算成功，GJ=2.60，在预期范围内
   计算值: 2.6046 GJ

✅ [SH-012] 过热蒸汽 - 100MPa, 800°C（最高压力边界）
   输入: 介质=superheated_steam, 重量=1吨, 温度=800°C, 压力=100MPa
   预期: 成功, GJ范围=[3.5, 4.5]
   实际: 计算成功，GJ=3.63，在预期范围内
   计算值: 3.6313 GJ

✅ [SH-013] 过热蒸汽 - 压力越界（101MPa）
   输入: 介质=superheated_steam, 重量=1吨, 温度=500°C, 压力=101MPa
   预期: 失败
   实际: 预期失败，验证正确: 请输入有效的压力（0.001~100 MPa）

✅ [SH-014] 过热蒸汽 - 温度越界（801°C）
   输入: 介质=superheated_steam, 重量=1吨, 温度=801°C, 压力=10MPa
   预期: 失败
   实际: 预期失败，验证正确: 请输入有效的温度（0~800°C）

✅ [SH-015] 过热蒸汽 - 非网格点温度验证（10MPa, 395°C）
   输入: 介质=superheated_steam, 重量=1吨, 温度=395°C, 压力=10MPa
   预期: 成功, GJ范围=[2.6, 3.4]
   实际: 计算成功，GJ=3.00，在预期范围内
   计算值: 2.9977 GJ

✅ [SH-016] 过热蒸汽 - 非网格点温度验证（5MPa, 450°C）
   输入: 介质=superheated_steam, 重量=1吨, 温度=450°C, 压力=5MPa
   预期: 成功, GJ范围=[2.6, 3.4]
   实际: 计算成功，GJ=3.23，在预期范围内
   计算值: 3.2331 GJ

✅ [SH-017] 过热蒸汽 - 压力10MPa, 600°C（验证温度区间查找）
   输入: 介质=superheated_steam, 重量=1吨, 温度=600°C, 压力=10MPa
   预期: 成功, GJ范围=[3.2, 3.8]
   实际: 计算成功，GJ=3.54，在预期范围内
   计算值: 3.5419 GJ

✅ [SH-018] 过热蒸汽 - 压力10MPa, 700°C（验证高温插值）
   输入: 介质=superheated_steam, 重量=1吨, 温度=700°C, 压力=10MPa
   预期: 成功, GJ范围=[3.6, 4.2]
   实际: 计算成功，GJ=3.79，在预期范围内
   计算值: 3.7864 GJ


======================================================================
测试结论: 🎉 全部通过!
======================================================================
